---
source: crates/oxc_linter/src/tester.rs
expression: prefer_node_protocol
---
  ⚠ eslint-plugin-unicorn(prefer-node-protocol):
   ╭─[prefer_node_protocol.tsx:1:1]
 1 │ import fs from "fs";
   ·                ────
   ╰────
  help: 

  ⚠ eslint-plugin-unicorn(prefer-node-protocol):
   ╭─[prefer_node_protocol.tsx:1:1]
 1 │ export {promises} from "fs";
   ·                        ────
   ╰────
  help: 

  ⚠ eslint-plugin-unicorn(prefer-node-protocol):
   ╭─[prefer_node_protocol.tsx:1:1]
 1 │ import fs from "fs/promises";
   ·                ─────────────
   ╰────
  help: 

  ⚠ eslint-plugin-unicorn(prefer-node-protocol):
   ╭─[prefer_node_protocol.tsx:1:1]
 1 │ export {default} from "fs/promises";
   ·                       ─────────────
   ╰────
  help: 

  ⚠ eslint-plugin-unicorn(prefer-node-protocol):
   ╭─[prefer_node_protocol.tsx:1:1]
 1 │ import {promises} from "fs";
   ·                        ────
   ╰────
  help: 

  ⚠ eslint-plugin-unicorn(prefer-node-protocol):
   ╭─[prefer_node_protocol.tsx:1:1]
 1 │ export {default as promises} from "fs";
   ·                                   ────
   ╰────
  help: 

  ⚠ eslint-plugin-unicorn(prefer-node-protocol):
   ╭─[prefer_node_protocol.tsx:1:1]
 1 │ import {promises} from 'fs';
   ·                        ────
   ╰────
  help: 

  ⚠ eslint-plugin-unicorn(prefer-node-protocol):
   ╭─[prefer_node_protocol.tsx:1:1]
 1 │ import "buffer";
   ·        ────────
   ╰────
  help: 

  ⚠ eslint-plugin-unicorn(prefer-node-protocol):
   ╭─[prefer_node_protocol.tsx:1:1]
 1 │ import "child_process";
   ·        ───────────────
   ╰────
  help: 

  ⚠ eslint-plugin-unicorn(prefer-node-protocol):
   ╭─[prefer_node_protocol.tsx:1:1]
 1 │ import "timers/promises";
   ·        ─────────────────
   ╰────
  help: 

  ⚠ eslint-plugin-unicorn(prefer-node-protocol):
   ╭─[prefer_node_protocol.tsx:1:1]
 1 │ const {promises} = require("fs")
   ·                            ────
   ╰────
  help: 

  ⚠ eslint-plugin-unicorn(prefer-node-protocol):
   ╭─[prefer_node_protocol.tsx:1:1]
 1 │ const fs = require('fs/promises')
   ·                    ─────────────
   ╰────
  help: 

  × Unexpected token
   ╭─[prefer_node_protocol.tsx:1:1]
 1 │ export fs from "fs";
   ·        ──
   ╰────

  ⚠ eslint-plugin-unicorn(prefer-node-protocol):
   ╭─[prefer_node_protocol.tsx:1:1]
 1 │ await import('assert/strict')
   ·              ───────────────
   ╰────
  help: 


